
> backend@0.0.1 test
> jest c:\dev26\gympro\backend\src\modules\gym-membership\membership.service.spec.ts --verbose

node.exe : FAIL src/mod
ules/gym-membership/mem
bership.service.spec.ts
Au caractère Ligne:1 : 
1
+ & "C:\Program 
Files\nodejs/node.exe" 
"C:\Program 
Files\nodejs/node_mo 
...
+ ~~~~~~~~~~~~~~~~~~~~~
~~~~~~~~~~~~~~~~~~~~~~~
~~~~~~~~~~~~~~~~~~~~~~~
~~
    + CategoryInfo     
         : NotSpecifi  
  ed: (FAIL src/modu   
 le...service.spec.    
ts:String) [], Rem    
oteException
    + FullyQualifiedEr 
   rorId : NativeComm  
  andError
 
  MembershipService
    ÔêÜ should be 
defined (18 ms)
    generateUniquePin
      ├ù should 
generate a 6-digit PIN 
that does not exist in 
the gym (6 ms)
      ├ù should retry 
if PIN already exists 
(4 ms)
    createMember
      ├ù should create 
a member with PIN and 
RFID if provided (4 ms)

  ÔùÅ 
MembershipService ÔÇ║ 
generateUniquePin ÔÇ║ 
should generate a 
6-digit PIN that does 
not exist in the gym

    TypeError: Cannot 
read properties of 
undefined (reading 
'mockResolvedValue')

    [0m [90m 51 
|[39m       
     [90m 52 |[39m   
    jest[33m.[39mspyO
n(service [36mas[39m 
any[33m,[39m [32m'to
ObjectId'[39m)[33m.[
39mmockImplementation((
id) [33m=>[39m 
[36mnew[39m [33mType
s[39m[33m.[39m[33mO
bjectId[39m(id))[33m;
[39m
    [31m[1m>[22m[39
m[90m 53 |[39m       
(service[[32m'membersh
ipModel'[39m][33m.[3
9mfindOne [36mas[39m 
jest[33m.[39m[33mMoc
k[39m)[33m.[39mmockR
esolvedValue([36mnull
[39m)[33m;[39m
     [90m    |[39m   
                       
                       
        
[31m[1m^[22m[39m
     [90m 54 |[39m
     [90m 55 |[39m   
    [36mconst[39m 
pin [33m=[39m 
[36mawait[39m service
[33m.[39mgenerateUniq
uePin(gymId)[33m;[39m
     [90m 56 
|[39m[0m

      at 
Object.<anonymous> (mod
ules/gym-membership/mem
bership.service.spec.ts
:53:57)

  ÔùÅ 
MembershipService ÔÇ║ 
generateUniquePin ÔÇ║ 
should retry if PIN 
already exists

    TypeError: Cannot 
read properties of 
undefined (reading 'moc
kResolvedValueOnce')

    [0m [90m 65 
|[39m       jest[33m.
[39mspyOn(service 
[36mas[39m 
any[33m,[39m [32m'to
ObjectId'[39m)[33m.[
39mmockImplementation((
id) [33m=>[39m 
[36mnew[39m [33mType
s[39m[33m.[39m[33mO
bjectId[39m(id))[33m;
[39m
     [90m 66 |[39m   
    (service[[32m'memb
ershipModel'[39m][33m
.[39mfindOne 
[36mas[39m jest[33m.
[39m[33mMock[39m)
    [31m[1m>[22m[39
m[90m 67 |[39m       
  [33m.[39mmockResolv
edValueOnce({ 
_id[33m:[39m 
[32m'existing'[39m })
     [90m    |[39m   
       
[31m[1m^[22m[39m
     [90m 68 |[39m   
      [33m.[39mmockRe
solvedValueOnce([36mnu
ll[39m)[33m;[39m
     [90m 69 |[39m
     [90m 70 |[39m   
    [36mconst[39m 
pin [33m=[39m 
[36mawait[39m service
[33m.[39mgenerateUniq
uePin(gymId)[33m;[39m
[0m

      at 
Object.<anonymous> (mod
ules/gym-membership/mem
bership.service.spec.ts
:67:10)

  ÔùÅ 
MembershipService ÔÇ║ 
createMember ÔÇ║ 
should create a member 
with PIN and RFID if 
provided

    TypeError: Cannot 
read properties of 
undefined (reading 
'mockResolvedValue')

    [0m [90m 92 
|[39m         
exec[33m:[39m jest[3
3m.[39mfn()[33m.[39m
mockResolvedValue({ app
Subscription[33m:[39m
 {} })[33m,[39m
     [90m 93 |[39m   
    })[33m;[39m
    [31m[1m>[22m[39
m[90m 94 |[39m       
(service[[32m'userMode
l'[39m][33m.[39mfind
One [36mas[39m jest[
33m.[39m[33mMock[39m
)[33m.[39mmockResolve
dValue([36mnull[39m)
[33m;[39m
     [90m    |[39m   
                       
                       
  [31m[1m^[22m[39m
     [90m 95 |[39m   
    (service[[32m'user
Model'[39m][33m.[39m
findById [36mas[39m j
est[33m.[39m[33mMock
[39m)[33m.[39mmockRe
turnValue({
     [90m 96 |[39m   
      
select[33m:[39m jest
[33m.[39mfn()[33m.[3
9mmockReturnThis()[33m
,[39m
     [90m 97 |[39m   
      lean[33m:[39m j
est[33m.[39mfn()[33m
.[39mmockReturnThis()
[33m,[39m[0m

      at 
Object.<anonymous> (mod
ules/gym-membership/mem
bership.service.spec.ts
:94:51)

Test Suites: 1 failed, 
1 total
Tests:       3 failed, 
1 passed, 4 total
Snapshots:   0 total
Time:        4.629 s
Ran all test suites 
matching c:\dev26\gympr
o\backend\src\modules\g
ym-membership\membershi
p.service.spec.ts.
